// Jest Snapshot v1, https://goo.gl/fbAQLP

exports[`match the snapshot 1`] = `
<div
  className="container"
>
  <div
    className="row"
  >
    <div
      className="col-sm-12"
    >
      <span>
        Loading...
      </span>
    </div>
  </div>
</div>
`;
